Loading kernel...
/boot/kernel/kernel text=0x5bb574 text=0x185e14 data=0xf66c8 data=0x2b84+0x26218c 0x8+0x2040078+0x8+0xfc407
Loading configured modules...
/boot/kernel/umodem.ko text=0x2080 text=0x1250 data=0x6f0+0x4 0x8+0x70f8+0x8+0xf20
loading required module 'ucom'
/boot/kernel/ucom.ko text=0x2618 text=0x2c28 data=0x960+0x858 0x8+0xfc60+0x8+0x1878
can't find '/boot/entropy'
can't find '/etc/hostid'

Hit [Enter] to boot immediately, or any other key for command prompt.
Booting [/boot/kernel/kernel] in 9 seconds...  

Type '?' for a list of commands, 'help' for more detailed help.
OK load geom_uzip
/boot/kernel/geom_uzip.ko text=0x29f2 text=0x259c data=0x1088+0x4 0x8+0xbfd0+0x8+0x1417
loading required module 'xz'
/boot/kernel/xz.ko text=0xc46 text=0x2228 data=0x300+0xc00 0x8+0xe598+0x8+0x514
OK load pci
OK load mmc
/boot/kernel/mmc.ko text=0x25e8 text=0x7358 data=0x600+0x4 0x8+0x29010+0x8+0x2338
OK load mmcsd
/boot/kernel/mmcsd.ko text=0x21cb text=0x36e4 data=0x690 0x8+0x13ad0+0x8+0x14e8
loading required module 'g_flashmap'
/boot/kernel/mmcsd.ko text=0x21cb text=0x36e4 data=0x690 0x8+0x13ad0+0x8+0x14e8
loading required module 'g_flashmap'
can't find 'g_flashmap'
OK load sdhci
/boot/kernel/sdhci.ko text=0x319d text=0x5870 data=0x728+0xc 0x8+0x229b0+0x8+0x2070
OK load sdio
/boot/kernel/sdio.ko text=0x1f2e text=0x2140 data=0x528 0x8+0xc528+0x8+0xfe8
OK load -t md_image /root.img.uzip
/root.img.uzip size=0x32263800
OK boot -v
Using DTB provided by EFI at 0x47f00000.
Kernel entry at 0xc540002e...
Kernel args: -v
clk u5_dw_i2c_clk_core already disabled
clk u5_dw_i2c_clk_apb already disabled
---<<BOOT>>---
GDB: no debug ports present
KDB: debugger backends: ddb
KDB: current backend: ddb
Physical memory chunk(s):
  0x40000000 - 0x13fffffff,  4096 MB (1048576 pages)
Excluded memory regions:
  0x40000000 - 0x401fffff,     2 MB (    512 pages) NoAlloc NoDump
  0xc5400000 - 0xfa53efff,   849 MB ( 217407 pages) NoAlloc 
Found 4 CPUs in the device tree
Copyright (c) 1992-2023 The FreeBSD Project.
Copyright (c) 1979, 1980, 1983, 1986, 1988, 1989, 1991, 1992, 1993, 1994
        The Regents of the University of California. All rights reserved.
FreeBSD is a registered trademark of The FreeBSD Foundation.
FreeBSD 14.0-ALPHA2 riscv64 1400094 #0 main-n264841-77013f29d048: Fri Aug 18 07:28:34 UTC 2023
    root@releng1.nyi.freebsd.org:/usr/obj/usr/src/riscv.riscv64/sys/GENERIC riscv
FreeBSD clang version 16.0.6 (https://github.com/llvm/llvm-project.git llvmorg-16.0.6-0-g7cbf1a259152)
WARNING: WITNESS option enabled, expect reduced performance.
VT: init without driver.
Preloaded elf kernel "/boot/kernel/kernel" at 0xffffffc035116000.
Preloaded elf module "/boot/kernel/umodem.ko" at 0xffffffc03511f2c0.
Preloaded elf module "/boot/kernel/ucom.ko" at 0xffffffc03511fb18.
Preloaded elf module "/boot/kernel/geom_uzip.ko" at 0xffffffc035120370.
Preloaded elf module "/boot/kernel/xz.ko" at 0xffffffc035120b50.
Preloaded elf module "/boot/kernel/mmc.ko" at 0xffffffc035121268.
Preloaded elf module "/boot/kernel/sdhci.ko" at 0xffffffc0351219c0.
Preloaded elf module "/boot/kernel/sdio.ko" at 0xffffffc0351220d8.
Preloaded md_image "/root.img.uzip" at 0xffffffc0351227f0.
Preloaded TSLOG data "TSLOG" at 0xffffffc035122840.
SBI: OpenSBI v1.2
SBI Specification Version: 1.0
CPU 0  : Vendor=SiFive Core=6/7/P200/X200-Series Processor (Hart 1)
  marchid=0x8000000000000007, mimpid=0x4210427
  MMU: 0x1<Sv39>
  ISA: 0x112d<Atomic,Compressed,Double,Float,Mult/Div>
  S-mode Extensions: 0
real memory  = 4294967296 (4096 MB)
Physical memory chunk(s):
0x0000000040200000 - 0x00000000c00e2fff, 2146316288 bytes (524003 pages)
0x00000000fa53f000 - 0x000000013fffffff, 1168904192 bytes (285377 pages)
avail memory = 3301777408 (3148 MB)
No static device mappings.
Starting CPU 1 (hart 2)
Starting CPU 2 (hart 3)
Starting CPU 3 (hart 4)
FreeBSD/SMP: Multiprocessor System Detected: 4 CPUs
CPU 1  : Vendor=SiFive Core=6/7/P200/X200-Series Processor (Hart 2)
CPU 2  : Vendor=SiFive Core=6/7/P200/X200-Series Processor (Hart 3)
CPU 3  : Vendor=SiFive Core=6/7/P200/X200-Series Processor (Hart 4)
random: no preloaded entropy cache
random: no platform bootloader entropy
arc4random: WARNING: initial seeding bypassed the cryptographic random device because it was not yet seeded and the knob 'bypass_before_seeding' was enabled.
VIMAGE (virtualized network stack) enabled
hostuuid: using 00000000-0000-0000-0000-000000000000
ULE: setup cpu 0
ULE: setup cpu 1
ULE: setup cpu 2
ULE: setup cpu 3
random: entropy device external interface
null: <full device, null device, zero device>
openfirm: <Open Firmware control device>
tcp_log: tcp_log device
kbd0 at kbdmux0
mem: <memory>
crypto: <crypto core>
ofwbus0: <Open Firmware Device Tree>
clk_fixed0: <Fixed clock> on ofwbus0
clk_fixed1: <Fixed clock> on ofwbus0
clk_fixed2: <Fixed clock> on ofwbus0
clk_fixed3: <Fixed clock> on ofwbus0
clk_fixed4: <Fixed clock> on ofwbus0
clk_fixed5: <Fixed clock> on ofwbus0
clk_fixed6: <Fixed clock> on ofwbus0
clk_fixed7: <Fixed clock> on ofwbus0
clk_fixed8: <Fixed clock> on ofwbus0
clk_fixed9: <Fixed clock> on ofwbus0
clk_fixed10: <Fixed clock> on ofwbus0
clk_fixed11: <Fixed clock> on ofwbus0
clk_fixed12: <Fixed clock> on ofwbus0
clk_fixed13: <Fixed clock> on ofwbus0
simplebus0: <Flattened device tree simple bus> on ofwbus0
clk_fixed14: <Fixed clock> on ofwbus0
simple_mfd0: <Simple MFD (Multi-Functions Device)> mem 0x13030000-0x13030fff on simplebus0
plic0: <RISC-V PLIC> mem 0xc000000-0xfffffff irq 14,15,16,17,18,19,20,21,22 on simplebus0
timer0: <RISC-V Timer>
Timecounter "RISC-V Timecounter" frequency 4000000 Hz quality 1000
Event timer "RISC-V Eventtimer" frequency 4000000 Hz quality 1000
ram0: reserving memory region:   40200000-c5400000
ram0: reserving memory region:   fa53f000-140000000
ram0: reserving excluded region: 40000000-401fffff
ram0: reserving excluded region: c5400000-fa53efff
rcons0: <RISC-V console>
cpulist0: <Open Firmware CPU Group> on ofwbus0
cpu0: <Open Firmware CPU> on cpulist0
cpu0: missing 'clock-frequency' property
riscv64_cpu0: register <0>
cpu1: <Open Firmware CPU> on cpulist0
cpu1: missing 'clock-frequency' property
riscv64_cpu1: register <1>
cpu2: <Open Firmware CPU> on cpulist0
cpu2: missing 'clock-frequency' property
riscv64_cpu2: register <2>
cpu3: <Open Firmware CPU> on cpulist0
cpu3: missing 'clock-frequency' property
riscv64_cpu3: register <3>
cpu4: <Open Firmware CPU> on cpulist0
cpu4: missing 'clock-frequency' property
ofwbus0: <opp-table-0> compat operating-points-v2 (no driver attached)
simplebus0: <timer@2000000> mem 0x2000000-0x200ffff irq 0,1,2,3,4,5,6,7,8,9 compat starfive,jh7110-clint (no driver attached)
simplebus0: <cache-controller@2010000> mem 0x2010000-0x2013fff irq 10,11,12,13 compat starfive,jh7110-ccache (no driver attached)
simplebus0: <serial@10000000> mem 0x10000000-0x1000ffff irq 23 compat snps,dw-apb-uart (no driver attached)
simplebus0: <serial@10010000> mem 0x10010000-0x1001ffff irq 24 disabled compat snps,dw-apb-uart (no driver attached)
simplebus0: <serial@10020000> mem 0x10020000-0x1002ffff irq 25 disabled compat snps,dw-apb-uart (no driver attached)
simplebus0: <i2c@10030000> mem 0x10030000-0x1003ffff irq 26 compat snps,designware-i2c (no driver attached)
simplebus0: <i2c@10040000> mem 0x10040000-0x1004ffff irq 27 disabled compat snps,designware-i2c (no driver attached)
simplebus0: <i2c@10050000> mem 0x10050000-0x1005ffff irq 28 compat snps,designware-i2c (no driver attached)
simplebus0: <tdm@10090000> mem 0x10090000-0x10090fff compat starfive,jh7110-tdm (no driver attached)
simplebus0: <usb@10100000> compat starfive,jh7110-usb (no driver attached)
simplebus0: <phy@10200000> mem 0x10200000-0x1020ffff compat starfive,jh7110-usb-phy (no driver attached)
simplebus0: <phy@10210000> mem 0x10210000-0x1021ffff compat starfive,jh7110-pcie-phy (no driver attached)
simplebus0: <phy@10220000> mem 0x10220000-0x1022ffff compat starfive,jh7110-pcie-phy (no driver attached)
simplebus0: <clock-controller@10230000> mem 0x10230000-0x1023ffff compat starfive,jh7110-stgcrg (no driver attached)
syscon_generic_dev0: <syscon> mem 0x10240000-0x10240fff on simplebus0
simplebus0: <serial@12000000> mem 0x12000000-0x1200ffff irq 29 disabled compat snps,dw-apb-uart (no driver attached)
simplebus0: <serial@12010000> mem 0x12010000-0x1201ffff irq 30 disabled compat snps,dw-apb-uart (no driver attached)
simplebus0: <serial@12020000> mem 0x12020000-0x1202ffff irq 31 disabled compat snps,dw-apb-uart (no driver attached)
simplebus0: <i2c@12030000> mem 0x12030000-0x1203ffff irq 32 disabled compat snps,designware-i2c (no driver attached)
simplebus0: <i2c@12040000> mem 0x12040000-0x1204ffff irq 33 disabled compat snps,designware-i2c (no driver attached)
simplebus0: <i2c@12050000> mem 0x12050000-0x1205ffff irq 34 compat snps,designware-i2c (no driver attached)
simplebus0: <i2c@12060000> mem 0x12060000-0x1206ffff irq 35 compat snps,designware-i2c (no driver attached)
simplebus0: <pwm@120d0000> mem 0x120d0000-0x120dffff compat starfive,jh7110-pwm (no driver attached)
simplebus0: <temperature-sensor@120e0000> mem 0x120e0000-0x120effff compat starfive,jh7110-temp (no driver attached)
simplebus0: <spi@13010000> mem 0x13010000-0x1301ffff,0x21000000-0x213fffff irq 36 compat starfive,jh7110-qspi (no driver attached)
simplebus0: <clock-controller@13020000> mem 0x13020000-0x1302ffff compat starfive,jh7110-syscrg (no driver attached)
simple_mfd0: <clock-controller> mem 0x13030000-0x13030fff compat starfive,jh7110-pll (no driver attached)
simplebus0: <pinctrl@13040000> mem 0x13040000-0x1304ffff irq 37 compat starfive,jh7110-sys-pinctrl (no driver attached)
simplebus0: <timer@13050000> mem 0x13050000-0x1305ffff irq 38,39,40,41 compat starfive,jh7110-timer (no driver attached)
simplebus0: <watchdog@13070000> mem 0x13070000-0x1307ffff compat starfive,jh7110-wdt (no driver attached)
simplebus0: <crypto@16000000> mem 0x16000000-0x16003fff irq 42 disabled compat starfive,jh7110-crypto (no driver attached)
simplebus0: <dma@16008000> mem 0x16008000-0x1600bfff irq 43 compat arm,pl080 (no driver attached)
simplebus0: <rng@1600c000> mem 0x1600c000-0x1600ffff irq 44 compat starfive,jh7110-trng (no driver attached)
simplebus0: <mmc@16010000> mem 0x16010000-0x1601ffff irq 45 compat starfive,jh7110-mmc (no driver attached)
simplebus0: <mmc@16020000> mem 0x16020000-0x1602ffff irq 46 compat starfive,jh7110-mmc (no driver attached)
simplebus0: <ethernet@16030000> mem 0x16030000-0x1603ffff irq 47,48,49 compat starfive,jh7110-dwmac (no driver attached)
simplebus0: <ethernet@16040000> mem 0x16040000-0x1604ffff irq 50,51,52 compat starfive,jh7110-dwmac (no driver attached)
simplebus0: <dma-controller@16050000> mem 0x16050000-0x1605ffff irq 53 compat starfive,jh7110-axi-dma (no driver attached)
simplebus0: <clock-controller@17000000> mem 0x17000000-0x1700ffff compat starfive,jh7110-aoncrg (no driver attached)
syscon_generic_dev1: <syscon> mem 0x17010000-0x17010fff on simplebus0
simplebus0: <pinctrl@17020000> mem 0x17020000-0x1702ffff irq 54 compat starfive,jh7110-aon-pinctrl (no driver attached)
simplebus0: <power-controller@17030000> mem 0x17030000-0x1703ffff irq 55 compat starfive,jh7110-pmu (no driver attached)
simplebus0: <csi-bridge@19800000> mem 0x19800000-0x1980ffff compat starfive,jh7110-csi2rx (no driver attached)
simplebus0: <clock-controller@19810000> mem 0x19810000-0x1981ffff compat starfive,jh7110-ispcrg (no driver attached)
simplebus0: <phy@19820000> mem 0x19820000-0x1982ffff compat starfive,jh7110-dphy-rx (no driver attached)
simplebus0: <camss@19840000> mem 0x19840000-0x1984ffff,0x19870000-0x1989ffff irq 56,57,58 compat starfive,jh7110-camss (no driver attached)
simplebus0: <clock-controller@295c0000> mem 0x295c0000-0x295cffff compat starfive,jh7110-voutcrg (no driver attached)
simplebus0: <pcie@2B000000> mem 0x2b000000-0x2bffffff,0x940000000-0x94fffffff irq 59 type pci compat starfive,jh7110-pcie (no driver attached)
simplebus0: <pcie@2C000000> mem 0x2c000000-0x2cffffff,0x9c0000000-0x9cfffffff irq 60 type pci compat starfive,jh7110-pcie (no driver attached)
ofwbus0: <gpio-restart> compat gpio-restart (no driver attached)
crypto: assign cryptosoft0 driver id 0, flags 0x6000000
Device configuration finished.
procfs registered
Timecounters tick every 1.000 msec
vlan: initialized, using hash tables with chaining
lo0: bpf attached
IPsec: Initialized Security Association Processing.
tcp_init: net.inet.tcp.tcbhashsize auto tuned to 32768
usb_needs_explore_all: no devclass
Release APs
Secondary CPU 3 fully online
Secondary CPU 2 fully online
Secondary CPU 1 fully online
WARNING: WITNESS option enabled, expect reduced performance.
md0: Preloaded image </root.img.uzip> 841365504 bytes at 0xffffffc002ca9ab8
random: unblocking device.

Loader variables:

Manual root filesystem specification:
  <fstype>:<device> [options]
      Mount <device> using filesystem <fstype>
      and with the specified (optional) option list.

    eg. ufs:/dev/da0s1a
        zfs:zroot/ROOT/default
        cd9660:/dev/cd0 ro
          (which is equivalent to: mount -t cd9660 -o ro /dev/cd0 /)

  ?               List valid disk boot devices
  .               Yield 1 second (for background tasks)
  <empty line>    Abort manual input

mountroot> ufs:/dev/md0.uzip
Trying to mount root from ufs:/dev/md0.uzip []...
Warning: no time-of-day clock registered, system time will not be set accurately
start_init: trying /sbin/init
No suitable dump device was found.
Setting hostuuid: 31374656-3031-3142-2d32-3235332d4430.
Setting hostid: 0x54504713.
Starting file system checks:
Growing root partition to fill device
unhandled type: UZIP
growfs: requested size 4.9GB is equal to the current filesystem size 4.9GB
eval: cannot create /etc/hostid: Read-only file system
/etc/rc: WARNING: could not store hostuuid in /etc/hostid.
eval: cannot create /etc/machine-id: Read-only file system
/etc/rc: WARNING: could not store hostuuid in /etc/machine-id.
Mounting local filesystems:.
mkdir: /tmp/.diskless.64acbd00452acc38e7b6f914dca2220b81dd9d48218c14e40d52a535caa06795: Read-only file system
Building /boot/kernel/linker.hints
kldxref: can't create /boot/lhint.68Oe9K: Read-only file system
devmatch: Can't read linker hints file.
ELF ldconfig path: /lib /usr/lib /usr/lib/compat
Setting hostname: generic.
Setting up harvesting: [CALLOUT],[UMA],[FS_ATIME],SWI,INTERRUPT,NET_NG,[NET_ETHER],NET_TUN,MOUSE,KEYBOARD,ATTACH,CACHED
Feeding entropy: dd: /entropy: Read-only file system
dd: /boot/entropy: Read-only file system
.
lo0: link state changed to UP
Starting Network: lo0.
lo0: flags=1008049<UP,LOOPBACK,RUNNING,MULTICAST,LOWER_UP> metric 0 mtu 16384
        options=680003<RXCSUM,TXCSUM,LINKSTATE,RXCSUM_IPV6,TXCSUM_IPV6>
        inet 127.0.0.1 netmask 0xff000000
        inet6 ::1 prefixlen 128
        inet6 fe80::1%lo0 prefixlen 64 scopeid 0x1
        groups: lo
        nd6 options=23<PERFORMNUD,ACCEPT_RTADV,AUTO_LINKLOCAL>
Starting devd.
devmatch: Can't read linker hints file.
devmatch: Can't read linker hints file.
devmatch: Can't read linker hints file.
devmatch: Can't read linker hints file.
devmatch: Can't read linker hints file.
devmatch: Can't read linker hints file.
devmatch: Can't read linker hints file.
devmatch: Can't read linker hints file.
devmatch: Can't read linker hints file.
devmatch: Can't read linker hints file.
devmatch: Can't read linker hints file.
devmatch: Can't read linker hints file.
devmatch: Can't read linker hints file.
devmatch: Can't read linker hints file.
devmatch: Can't read linker hints file.
devmatch: Can't read linker hints file.
devmatch: Can't read linker hints file.
devmatch: Can't read linker hints file.
devmatch: Can't read linker hints file.
devmatch: Can't read linker hints file.
devmatch: Can't read linker hints file.
devmatch: Can't read linker hints file.
devmatch: Can't read linker hints file.
devmatch: Can't read linker hints file.
devmatch: Can't read linker hints file.
devmatch: Can't read linker hints file.
devmatch: Can't read linker hints file.
devmatch: Can't read linker hints file.
devmatch: Can't read linker hints file.
devmatch: Can't read linker hints file.
devmatch: Can't read linker hints file.
devmatch: Can't read linker hints file.
devmatch: Can't read linker hints file.
devmatch: Can't read linker hints file.
devmatch: Can't read linker hints file.
devmatch: Can't read linker hints file.
devmatch: Can't read linker hints file.
devmatch: Can't read linker hints file.
devmatch: Can't read linker hints file.
devmatch: Can't read linker hints file.
devmatch: Can't read linker hints file.
devmatch: Can't read linker hints file.
devmatch: Can't read linker hints file.
devmatch: Can't read linker hints file.
devmatch: Can't read linker hints file.
devmatch: Can't read linker hints file.
devmatch: Can't read linker hints file.
devmatch: Can't read linker hints file.
devmatch: Can't read linker hints file.
devmatch: Can't read linker hints file.
devmatch: Can't read linker hints file.
devmatch: Can't read linker hints file.
devmatch: Can't read linker hints file.
devmatch: Can't read linker hints file.
devmatch: Can't read linker hints file.
devmatch: Can't read linker hints file.
devmatch: Can't read linker hints file.
add host 127.0.0.1: gateway lo0 fib 0: route already in table
add host ::1: gateway lo0 fib 0: route already in table
add net fe80::: gateway ::1
add net ff02::: gateway ::1
add net ::ffff:0.0.0.0: gateway ::1
add net ::0.0.0.0: gateway ::1
Updating motd:ln: /etc/motd: Read-only file system
.
Updating /var/run/os-release done.
Clearing /tmp (X related).
Creating and/or trimming log files.
Starting syslogd.
Mounting late filesystems:.
Starting cron.
Generating RSA host key.
Saving key "/etc/ssh/ssh_host_rsa_key" failed: Read-only file system
ssh-keygen: /etc/ssh/ssh_host_rsa_key.pub: No such file or directory
Generating ECDSA host key.
Saving key "/etc/ssh/ssh_host_ecdsa_key" failed: Read-only file system
ssh-keygen: /etc/ssh/ssh_host_ecdsa_key.pub: No such file or directory
Generating ED25519 host key.
Saving key "/etc/ssh/ssh_host_ed25519_key" failed: Read-only file system
ssh-keygen: /etc/ssh/ssh_host_ed25519_key.pub: No such file or directory
Performing sanity check on sshd configuration.
No host key files found
/etc/rc: WARNING: failed precmd routine for sshd
Starting background file system checks in 60 seconds.
mount: /dev/md0.uzip: Read-only file system
rm: /firstboot: Read-only file system

Tue Sep  5 14:11:49 UTC 2023

FreeBSD/riscv (generic) (rcons)

login: 

